MPLINK 5.08, LINKER
Linker Map File - Created Tue Aug 13 21:39:10 2019

                                 Section Info
                  Section       Type    Address   Location Size(Bytes)
                ---------  ---------  ---------  ---------  ---------
                   .org_0       code   0x000000    program   0x000002
                   .cinit    romdata   0x000001    program   0x000004
                   .org_1       code   0x000004    program   0x00005a
.config_2007_BUILD/DEFAULT/DEBUG/EX2.O       code   0x002007    program   0x000002



                              Program Memory Usage 
                               Start         End      
                           ---------   ---------      
                            0x000000    0x000002      
                            0x000004    0x000030      
                            0x002007    0x002007      
            49 out of 2182 program addresses used, program memory utilization is 2%



                              Symbols - Sorted by Name
                     Name    Address   Location    Storage File                     
                ---------  ---------  ---------  --------- ---------                
                 ATUALIZA   0x00002c    program     static C:\Users\netoa\MPLABXProjects\CursoPIC\examples\board_1\desbravando_asm_16F628A_ex2.X\ex2.asm
                 CHECA_BT   0x000017    program     static C:\Users\netoa\MPLABXProjects\CursoPIC\examples\board_1\desbravando_asm_16F628A_ex2.X\ex2.asm
                   INICIO   0x000005    program     static C:\Users\netoa\MPLABXProjects\CursoPIC\examples\board_1\desbravando_asm_16F628A_ex2.X\ex2.asm
                     MAIN   0x000015    program     static C:\Users\netoa\MPLABXProjects\CursoPIC\examples\board_1\desbravando_asm_16F628A_ex2.X\ex2.asm
                     SOMA   0x000025    program     static C:\Users\netoa\MPLABXProjects\CursoPIC\examples\board_1\desbravando_asm_16F628A_ex2.X\ex2.asm
                  SUBTRAI   0x00001d    program     static C:\Users\netoa\MPLABXProjects\CursoPIC\examples\board_1\desbravando_asm_16F628A_ex2.X\ex2.asm
                 TRATA_BT   0x00001b    program     static C:\Users\netoa\MPLABXProjects\CursoPIC\examples\board_1\desbravando_asm_16F628A_ex2.X\ex2.asm
             _.org_1_002F   0x00002f    program     static C:\Users\netoa\MPLABXProjects\CursoPIC\examples\board_1\desbravando_asm_16F628A_ex2.X\ex2.asm



                              Symbols - Sorted by Address
                     Name    Address   Location    Storage File                     
                ---------  ---------  ---------  --------- ---------                
                   INICIO   0x000005    program     static C:\Users\netoa\MPLABXProjects\CursoPIC\examples\board_1\desbravando_asm_16F628A_ex2.X\ex2.asm
                     MAIN   0x000015    program     static C:\Users\netoa\MPLABXProjects\CursoPIC\examples\board_1\desbravando_asm_16F628A_ex2.X\ex2.asm
                 CHECA_BT   0x000017    program     static C:\Users\netoa\MPLABXProjects\CursoPIC\examples\board_1\desbravando_asm_16F628A_ex2.X\ex2.asm
                 TRATA_BT   0x00001b    program     static C:\Users\netoa\MPLABXProjects\CursoPIC\examples\board_1\desbravando_asm_16F628A_ex2.X\ex2.asm
                  SUBTRAI   0x00001d    program     static C:\Users\netoa\MPLABXProjects\CursoPIC\examples\board_1\desbravando_asm_16F628A_ex2.X\ex2.asm
                     SOMA   0x000025    program     static C:\Users\netoa\MPLABXProjects\CursoPIC\examples\board_1\desbravando_asm_16F628A_ex2.X\ex2.asm
                 ATUALIZA   0x00002c    program     static C:\Users\netoa\MPLABXProjects\CursoPIC\examples\board_1\desbravando_asm_16F628A_ex2.X\ex2.asm
             _.org_1_002F   0x00002f    program     static C:\Users\netoa\MPLABXProjects\CursoPIC\examples\board_1\desbravando_asm_16F628A_ex2.X\ex2.asm


