MPLINK 5.08, LINKER
Linker Map File - Created Tue Aug 13 21:41:52 2019

                                 Section Info
                  Section       Type    Address   Location Size(Bytes)
                ---------  ---------  ---------  ---------  ---------
                   .org_0       code   0x000000    program   0x000002
                   .cinit    romdata   0x000001    program   0x000004
                   .org_1       code   0x000004    program   0x000098
.config_2007_BUILD/DEFAULT/DEBUG/EX4.O       code   0x002007    program   0x000002



                              Program Memory Usage 
                               Start         End      
                           ---------   ---------      
                            0x000000    0x000002      
                            0x000004    0x00004f      
                            0x002007    0x002007      
            80 out of 2182 program addresses used, program memory utilization is 3%



                              Symbols - Sorted by Name
                     Name    Address   Location    Storage File                     
                ---------  ---------  ---------  --------- ---------                
                 ATUALIZA   0x00004d    program     static C:\Users\netoa\MPLABXProjects\CursoPIC\examples\board_1\desbravando_asm_16F628A_ex4.X\ex4.asm
                  BT1_LIB   0x000035    program     static C:\Users\netoa\MPLABXProjects\CursoPIC\examples\board_1\desbravando_asm_16F628A_ex4.X\ex4.asm
                  BT2_LIB   0x00003d    program     static C:\Users\netoa\MPLABXProjects\CursoPIC\examples\board_1\desbravando_asm_16F628A_ex4.X\ex4.asm
                CHECA_BT1   0x00002e    program     static C:\Users\netoa\MPLABXProjects\CursoPIC\examples\board_1\desbravando_asm_16F628A_ex4.X\ex4.asm
                CHECA_BT2   0x000036    program     static C:\Users\netoa\MPLABXProjects\CursoPIC\examples\board_1\desbravando_asm_16F628A_ex4.X\ex4.asm
                 CONVERTE   0x000005    program     static C:\Users\netoa\MPLABXProjects\CursoPIC\examples\board_1\desbravando_asm_16F628A_ex4.X\ex4.asm
                      DEC   0x00003f    program     static C:\Users\netoa\MPLABXProjects\CursoPIC\examples\board_1\desbravando_asm_16F628A_ex4.X\ex4.asm
                      INC   0x000046    program     static C:\Users\netoa\MPLABXProjects\CursoPIC\examples\board_1\desbravando_asm_16F628A_ex4.X\ex4.asm
                   INICIO   0x000018    program     static C:\Users\netoa\MPLABXProjects\CursoPIC\examples\board_1\desbravando_asm_16F628A_ex4.X\ex4.asm
                     MAIN   0x00002b    program     static C:\Users\netoa\MPLABXProjects\CursoPIC\examples\board_1\desbravando_asm_16F628A_ex4.X\ex4.asm



                              Symbols - Sorted by Address
                     Name    Address   Location    Storage File                     
                ---------  ---------  ---------  --------- ---------                
                 CONVERTE   0x000005    program     static C:\Users\netoa\MPLABXProjects\CursoPIC\examples\board_1\desbravando_asm_16F628A_ex4.X\ex4.asm
                   INICIO   0x000018    program     static C:\Users\netoa\MPLABXProjects\CursoPIC\examples\board_1\desbravando_asm_16F628A_ex4.X\ex4.asm
                     MAIN   0x00002b    program     static C:\Users\netoa\MPLABXProjects\CursoPIC\examples\board_1\desbravando_asm_16F628A_ex4.X\ex4.asm
                CHECA_BT1   0x00002e    program     static C:\Users\netoa\MPLABXProjects\CursoPIC\examples\board_1\desbravando_asm_16F628A_ex4.X\ex4.asm
                  BT1_LIB   0x000035    program     static C:\Users\netoa\MPLABXProjects\CursoPIC\examples\board_1\desbravando_asm_16F628A_ex4.X\ex4.asm
                CHECA_BT2   0x000036    program     static C:\Users\netoa\MPLABXProjects\CursoPIC\examples\board_1\desbravando_asm_16F628A_ex4.X\ex4.asm
                  BT2_LIB   0x00003d    program     static C:\Users\netoa\MPLABXProjects\CursoPIC\examples\board_1\desbravando_asm_16F628A_ex4.X\ex4.asm
                      DEC   0x00003f    program     static C:\Users\netoa\MPLABXProjects\CursoPIC\examples\board_1\desbravando_asm_16F628A_ex4.X\ex4.asm
                      INC   0x000046    program     static C:\Users\netoa\MPLABXProjects\CursoPIC\examples\board_1\desbravando_asm_16F628A_ex4.X\ex4.asm
                 ATUALIZA   0x00004d    program     static C:\Users\netoa\MPLABXProjects\CursoPIC\examples\board_1\desbravando_asm_16F628A_ex4.X\ex4.asm


