MPLINK 5.08, LINKER
Linker Map File - Created Tue Aug 13 21:43:19 2019

                                 Section Info
                  Section       Type    Address   Location Size(Bytes)
                ---------  ---------  ---------  ---------  ---------
                   .org_0       code   0x000000    program   0x000002
                   .cinit    romdata   0x000001    program   0x000004
                   .org_1       code   0x000004    program   0x0000d4
.config_2007_BUILD/DEFAULT/DEBUG/EX5.O       code   0x002007    program   0x000002



                              Program Memory Usage 
                               Start         End      
                           ---------   ---------      
                            0x000000    0x000002      
                            0x000004    0x00006d      
                            0x002007    0x002007      
            110 out of 2182 program addresses used, program memory utilization is 5%



                              Symbols - Sorted by Name
                     Name    Address   Location    Storage File                     
                ---------  ---------  ---------  --------- ---------                
                 ACAO_BT1   0x000068    program     static C:\Users\netoa\MPLABXProjects\CursoPIC\examples\board_1\desbravando_asm_16F628A_ex5.X\ex5.asm
                 ACAO_BT2   0x00006b    program     static C:\Users\netoa\MPLABXProjects\CursoPIC\examples\board_1\desbravando_asm_16F628A_ex5.X\ex5.asm
                 ATUALIZA   0x00002e    program     static C:\Users\netoa\MPLABXProjects\CursoPIC\examples\board_1\desbravando_asm_16F628A_ex5.X\ex5.asm
                  BT1_LIB   0x00005e    program     static C:\Users\netoa\MPLABXProjects\CursoPIC\examples\board_1\desbravando_asm_16F628A_ex5.X\ex5.asm
                  BT2_LIB   0x000066    program     static C:\Users\netoa\MPLABXProjects\CursoPIC\examples\board_1\desbravando_asm_16F628A_ex5.X\ex5.asm
                CHECA_BT1   0x000057    program     static C:\Users\netoa\MPLABXProjects\CursoPIC\examples\board_1\desbravando_asm_16F628A_ex5.X\ex5.asm
                CHECA_BT2   0x00005f    program     static C:\Users\netoa\MPLABXProjects\CursoPIC\examples\board_1\desbravando_asm_16F628A_ex5.X\ex5.asm
                 CONVERTE   0x00001b    program     static C:\Users\netoa\MPLABXProjects\CursoPIC\examples\board_1\desbravando_asm_16F628A_ex5.X\ex5.asm
               DESL_TIMER   0x000031    program     static C:\Users\netoa\MPLABXProjects\CursoPIC\examples\board_1\desbravando_asm_16F628A_ex5.X\ex5.asm
                   INICIO   0x00003e    program     static C:\Users\netoa\MPLABXProjects\CursoPIC\examples\board_1\desbravando_asm_16F628A_ex5.X\ex5.asm
               LIGA_TIMER   0x000034    program     static C:\Users\netoa\MPLABXProjects\CursoPIC\examples\board_1\desbravando_asm_16F628A_ex5.X\ex5.asm
                     MAIN   0x000051    program     static C:\Users\netoa\MPLABXProjects\CursoPIC\examples\board_1\desbravando_asm_16F628A_ex5.X\ex5.asm
                  SAI_INT   0x000016    program     static C:\Users\netoa\MPLABXProjects\CursoPIC\examples\board_1\desbravando_asm_16F628A_ex5.X\ex5.asm



                              Symbols - Sorted by Address
                     Name    Address   Location    Storage File                     
                ---------  ---------  ---------  --------- ---------                
                  SAI_INT   0x000016    program     static C:\Users\netoa\MPLABXProjects\CursoPIC\examples\board_1\desbravando_asm_16F628A_ex5.X\ex5.asm
                 CONVERTE   0x00001b    program     static C:\Users\netoa\MPLABXProjects\CursoPIC\examples\board_1\desbravando_asm_16F628A_ex5.X\ex5.asm
                 ATUALIZA   0x00002e    program     static C:\Users\netoa\MPLABXProjects\CursoPIC\examples\board_1\desbravando_asm_16F628A_ex5.X\ex5.asm
               DESL_TIMER   0x000031    program     static C:\Users\netoa\MPLABXProjects\CursoPIC\examples\board_1\desbravando_asm_16F628A_ex5.X\ex5.asm
               LIGA_TIMER   0x000034    program     static C:\Users\netoa\MPLABXProjects\CursoPIC\examples\board_1\desbravando_asm_16F628A_ex5.X\ex5.asm
                   INICIO   0x00003e    program     static C:\Users\netoa\MPLABXProjects\CursoPIC\examples\board_1\desbravando_asm_16F628A_ex5.X\ex5.asm
                     MAIN   0x000051    program     static C:\Users\netoa\MPLABXProjects\CursoPIC\examples\board_1\desbravando_asm_16F628A_ex5.X\ex5.asm
                CHECA_BT1   0x000057    program     static C:\Users\netoa\MPLABXProjects\CursoPIC\examples\board_1\desbravando_asm_16F628A_ex5.X\ex5.asm
                  BT1_LIB   0x00005e    program     static C:\Users\netoa\MPLABXProjects\CursoPIC\examples\board_1\desbravando_asm_16F628A_ex5.X\ex5.asm
                CHECA_BT2   0x00005f    program     static C:\Users\netoa\MPLABXProjects\CursoPIC\examples\board_1\desbravando_asm_16F628A_ex5.X\ex5.asm
                  BT2_LIB   0x000066    program     static C:\Users\netoa\MPLABXProjects\CursoPIC\examples\board_1\desbravando_asm_16F628A_ex5.X\ex5.asm
                 ACAO_BT1   0x000068    program     static C:\Users\netoa\MPLABXProjects\CursoPIC\examples\board_1\desbravando_asm_16F628A_ex5.X\ex5.asm
                 ACAO_BT2   0x00006b    program     static C:\Users\netoa\MPLABXProjects\CursoPIC\examples\board_1\desbravando_asm_16F628A_ex5.X\ex5.asm


