MPLINK 5.08, LINKER
Linker Map File - Created Tue Aug 13 21:32:31 2019

                                 Section Info
                  Section       Type    Address   Location Size(Bytes)
                ---------  ---------  ---------  ---------  ---------
                   .org_0       code   0x000000    program   0x000002
                   .cinit    romdata   0x000001    program   0x000004
                   .org_1       code   0x000004    program   0x0000e2
.config_2007_BUILD/DEFAULT/PRODUCTION/DIMMER.       code   0x002007    program   0x000002



                              Program Memory Usage 
                               Start         End      
                           ---------   ---------      
                            0x000000    0x000002      
                            0x000004    0x000074      
                            0x002007    0x002007      
            117 out of 2182 program addresses used, program memory utilization is 5%



                              Symbols - Sorted by Name
                     Name    Address   Location    Storage File                     
                ---------  ---------  ---------  --------- ---------                
                 ATUALIZA   0x000072    program     static C:\Users\netoa\MPLABXProjects\CursoPIC\examples\board_1\desbravando_asm_16F628A_Dimmer.X\dimmer.asm
                  BT1_LIB   0x000058    program     static C:\Users\netoa\MPLABXProjects\CursoPIC\examples\board_1\desbravando_asm_16F628A_Dimmer.X\dimmer.asm
                  BT2_LIB   0x000062    program     static C:\Users\netoa\MPLABXProjects\CursoPIC\examples\board_1\desbravando_asm_16F628A_Dimmer.X\dimmer.asm
                CHECA_BT1   0x00004f    program     static C:\Users\netoa\MPLABXProjects\CursoPIC\examples\board_1\desbravando_asm_16F628A_Dimmer.X\dimmer.asm
                CHECA_BT2   0x000059    program     static C:\Users\netoa\MPLABXProjects\CursoPIC\examples\board_1\desbravando_asm_16F628A_Dimmer.X\dimmer.asm
                 CONVERTE   0x000022    program     static C:\Users\netoa\MPLABXProjects\CursoPIC\examples\board_1\desbravando_asm_16F628A_Dimmer.X\dimmer.asm
                      DEC   0x000064    program     static C:\Users\netoa\MPLABXProjects\CursoPIC\examples\board_1\desbravando_asm_16F628A_Dimmer.X\dimmer.asm
                      INC   0x00006b    program     static C:\Users\netoa\MPLABXProjects\CursoPIC\examples\board_1\desbravando_asm_16F628A_Dimmer.X\dimmer.asm
                   INICIO   0x000035    program     static C:\Users\netoa\MPLABXProjects\CursoPIC\examples\board_1\desbravando_asm_16F628A_Dimmer.X\dimmer.asm
             LIGA_LAMPADA   0x00001b    program     static C:\Users\netoa\MPLABXProjects\CursoPIC\examples\board_1\desbravando_asm_16F628A_Dimmer.X\dimmer.asm
                     MAIN   0x00004a    program     static C:\Users\netoa\MPLABXProjects\CursoPIC\examples\board_1\desbravando_asm_16F628A_Dimmer.X\dimmer.asm
                  SAI_INT   0x00001d    program     static C:\Users\netoa\MPLABXProjects\CursoPIC\examples\board_1\desbravando_asm_16F628A_Dimmer.X\dimmer.asm



                              Symbols - Sorted by Address
                     Name    Address   Location    Storage File                     
                ---------  ---------  ---------  --------- ---------                
             LIGA_LAMPADA   0x00001b    program     static C:\Users\netoa\MPLABXProjects\CursoPIC\examples\board_1\desbravando_asm_16F628A_Dimmer.X\dimmer.asm
                  SAI_INT   0x00001d    program     static C:\Users\netoa\MPLABXProjects\CursoPIC\examples\board_1\desbravando_asm_16F628A_Dimmer.X\dimmer.asm
                 CONVERTE   0x000022    program     static C:\Users\netoa\MPLABXProjects\CursoPIC\examples\board_1\desbravando_asm_16F628A_Dimmer.X\dimmer.asm
                   INICIO   0x000035    program     static C:\Users\netoa\MPLABXProjects\CursoPIC\examples\board_1\desbravando_asm_16F628A_Dimmer.X\dimmer.asm
                     MAIN   0x00004a    program     static C:\Users\netoa\MPLABXProjects\CursoPIC\examples\board_1\desbravando_asm_16F628A_Dimmer.X\dimmer.asm
                CHECA_BT1   0x00004f    program     static C:\Users\netoa\MPLABXProjects\CursoPIC\examples\board_1\desbravando_asm_16F628A_Dimmer.X\dimmer.asm
                  BT1_LIB   0x000058    program     static C:\Users\netoa\MPLABXProjects\CursoPIC\examples\board_1\desbravando_asm_16F628A_Dimmer.X\dimmer.asm
                CHECA_BT2   0x000059    program     static C:\Users\netoa\MPLABXProjects\CursoPIC\examples\board_1\desbravando_asm_16F628A_Dimmer.X\dimmer.asm
                  BT2_LIB   0x000062    program     static C:\Users\netoa\MPLABXProjects\CursoPIC\examples\board_1\desbravando_asm_16F628A_Dimmer.X\dimmer.asm
                      DEC   0x000064    program     static C:\Users\netoa\MPLABXProjects\CursoPIC\examples\board_1\desbravando_asm_16F628A_Dimmer.X\dimmer.asm
                      INC   0x00006b    program     static C:\Users\netoa\MPLABXProjects\CursoPIC\examples\board_1\desbravando_asm_16F628A_Dimmer.X\dimmer.asm
                 ATUALIZA   0x000072    program     static C:\Users\netoa\MPLABXProjects\CursoPIC\examples\board_1\desbravando_asm_16F628A_Dimmer.X\dimmer.asm


