Microchip MPLAB XC8 Compiler V1.45 ()

Linker command line:

--edf=C:\Program Files (x86)\Microchip\xc8\v1.45\dat\en_msgs.txt -cs \
  -h+dist/16F628A/production\test_Board_2_XC8_16F648A.X.production.sym \
  --cmf=dist/16F628A/production\test_Board_2_XC8_16F648A.X.production.cmf \
  -z -Q16F628A -oC:\Users\netoa\AppData\Local\Temp\se90.2 \
  -Mdist/16F628A/production/test_Board_2_XC8_16F648A.X.production.map -E1 \
  -ver=XC8 -ASTACK=0A0h-0efh -pstack=STACK -ACODE=00h-07FFh \
  -ASTRCODE=00h-07FFh -ASTRING=00h-0FFhx8 -ACONST=00h-0FFhx8 \
  -AENTRY=00h-0FFhx8 -ACOMMON=070h-07Fh -ABANK0=020h-06Fh -ABANK1=0A0h-0EFh \
  -ABANK2=0120h-014Fh -ARAM=020h-06Fh,0A0h-0EFh,0120h-014Fh \
  -AABS1=020h-07Fh,0A0h-0EFh,0120h-014Fh -ASFR0=00h-01Fh -ASFR1=080h-09Fh \
  -ASFR2=0100h-011Fh -ASFR3=0180h-01EFh \
  -preset_vec=00h,intentry,init,end_init -ppowerup=CODE -pcinit=CODE \
  -pfunctab=ENTRY -ACONFIG=02007h-02007h -pconfig=CONFIG -DCONFIG=2 \
  -AIDLOC=02000h-02003h -pidloc=IDLOC -DIDLOC=2 -AEEDATA=00h-07Fh/02100h \
  -peeprom_data=EEDATA -DEEDATA=2 -DCODE=2 -DSTRCODE=2 -DSTRING=2 -DCONST=2 \
  -DENTRY=2 -k C:\Users\netoa\AppData\Local\Temp\se90.obj \
  dist/16F628A/production\test_Board_2_XC8_16F648A.X.production.obj 

Object code version is 3.11

Machine type is 16F628A



                Name                               Link     Load   Length Selector   Space Scale
C:\Users\netoa\AppData\Local\Temp\se90.obj
                end_init                              0        0        1        0       0
                config                             2007     2007        1     400E       0
dist/16F628A/production\test_Board_2_XC8_16F648A.X.production.obj
                cinit                               7F9      7F9        7      FF2       0
                text23                               E6       E6        5      1CC       0
                text22                              522      522       46      A44       0
                text21                              100      100        A      200       0
                text20                              10A      10A        A      214       0
                text19                              253      253       35      4A6       0
                text18                              14A      14A       1A      294       0
                text17                              288      288       3E      510       0
                text16                               F0       F0        8      1E0       0
                text15                              1B6      1B6       23      36C       0
                text14                              1D9      1D9       25      3B2       0
                text13                              164      164       1A      2C8       0
                text12                              1FE      1FE       27      3FC       0
                text11                              17E      17E       1A      2FC       0
                text10                              198      198       1E      330       0
                text9                               11E      11E        D      23C       0
                text8                                EB       EB        5      1D6       0
                text7                               2C6      2C6       9D      58C       0
                text6                               12B      12B        E      256       0
                text5                               225      225       2E      44A       0
                text4                               114      114        A      228       0
                text3                               568      568       1E      A44       0
                text2                               139      139       11      272       0
                text1                               363      363       9D      6C6       0
                maintext                            589      589      270      B12       0
                cstackBANK0                          34       34        A       20       1
                cstackCOMMON                         70       70        E       70       1
                clrtext                              F8       F8        8      1F0       0
                bssBANK0                             20       20       14       20       1
                stringtext                          400      400      122        8       0

TOTAL           Name                               Link     Load   Length     Space
        CLASS   STACK          

        CLASS   CODE           
                end_init                              0        0        1         0
                cinit                               7F9      7F9        7         0
                text23                               E6       E6        5         0
                text22                              522      522       46         0
                text21                              100      100        A         0
                text20                              10A      10A        A         0
                text19                              253      253       35         0
                text18                              14A      14A       1A         0
                text17                              288      288       3E         0
                text16                               F0       F0        8         0
                text15                              1B6      1B6       23         0
                text14                              1D9      1D9       25         0
                text13                              164      164       1A         0
                text12                              1FE      1FE       27         0
                text11                              17E      17E       1A         0
                text10                              198      198       1E         0
                text9                               11E      11E        D         0
                text8                                EB       EB        5         0
                text7                               2C6      2C6       9D         0
                text6                               12B      12B        E         0
                text5                               225      225       2E         0
                text4                               114      114        A         0
                text3                               568      568       1E         0
                text2                               139      139       11         0
                text1                               363      363       9D         0
                maintext                            589      589      270         0
                clrtext                              F8       F8        8         0

        CLASS   STRCODE        
                stringtext                          400      400      122         0

        CLASS   STRING         

        CLASS   CONST          

        CLASS   ENTRY          

        CLASS   COMMON         
                cstackCOMMON                         70       70        E         1

        CLASS   BANK0          
                cstackBANK0                          34       34        A         1
                bssBANK0                             20       20       14         1

        CLASS   BANK1          

        CLASS   BANK2          

        CLASS   RAM            

        CLASS   ABS1           
                abs_s1                               7E       7E        2         1

        CLASS   SFR0           

        CLASS   SFR1           

        CLASS   SFR2           

        CLASS   SFR3           

        CLASS   CONFIG         
                config                             2007     2007        1         0

        CLASS   IDLOC          

        CLASS   EEDATA         

        CLASS   BANK3          



SEGMENTS        Name                           Load    Length   Top    Selector   Space  Class     Delta

                reset_vec                      000000  000001  000001         0       0  CODE        2
                bssBANK0                       000020  00001E  00003E        20       1  BANK0       1
                cstackCOMMON                   000070  00000E  00007E        70       1  COMMON      1
                text23                         0000E6  000005  0000EB       1CC       0  CODE        2
                text8                          0000EB  000005  0000F0       1D6       0  CODE        2
                text16                         0000F0  000008  0000F8       1E0       0  CODE        2
                clrtext                        0000F8  000008  000100       1F0       0  CODE        2
                text21                         000100  00000A  00010A       200       0  CODE        2
                text20                         00010A  00000A  000114       214       0  CODE        2
                text4                          000114  00000A  00011E       228       0  CODE        2
                text9                          00011E  00000D  00012B       23C       0  CODE        2
                text6                          00012B  00000E  000139       256       0  CODE        2
                text2                          000139  000011  00014A       272       0  CODE        2
                text18                         00014A  00001A  000164       294       0  CODE        2
                text13                         000164  00001A  00017E       2C8       0  CODE        2
                text11                         00017E  00001A  000198       2FC       0  CODE        2
                text10                         000198  00001E  0001B6       330       0  CODE        2
                text15                         0001B6  000023  0001D9       36C       0  CODE        2
                text14                         0001D9  000025  0001FE       3B2       0  CODE        2
                text12                         0001FE  000027  000225       3FC       0  CODE        2
                text5                          000225  00002E  000253       44A       0  CODE        2
                text19                         000253  000035  000288       4A6       0  CODE        2
                text17                         000288  00003E  0002C6       510       0  CODE        2
                text7                          0002C6  00009D  000363       58C       0  CODE        2
                text1                          000363  00009D  000400       6C6       0  CODE        2
                stringtext                     000400  000122  000522         8       0  STRCODE     2
                text22                         000522  000064  000586       A44       0  CODE        2
                maintext                       000589  000270  0007F9       B12       0  CODE        2
                cinit                          0007F9  000007  000800       FF2       0  CODE        2
                config                         002007  000001  002008      400E       0  CONFIG      2


UNUSED ADDRESS RANGES

        Name                Unused          Largest block    Delta
        BANK0            003E-006F             32           1
        BANK1            00A0-00EF             50           1
        BANK2            0120-014F             30           1
        CODE             0001-00E5             E5           2
                         0586-0588              3
        CONST            0001-00E5             E5           2
                         0586-0588              3
        EEDATA           2100-217F             80           2
        ENTRY            0001-00E5             E5           2
                         0586-0588              3
        IDLOC            2000-2003              4           2
        RAM              003E-006F             32           1
                         00A0-00EF             50
                         0120-014F             30
        SFR0             0000-001F             20           1
        SFR1             0080-009F             20           1
        SFR2             0100-011F             20           1
        SFR3             0180-01EF             70           1
        STACK            00A0-00EF             50           1
        STRCODE          0001-00E5             E5           2
                         0586-0588              3
        STRING           0001-00E5             E5           2
                         0586-0588              3

                                  Symbol Table

_BRGH                    (abs)        04C2
_CMCON                   (abs)        001F
_CREN                    (abs)        00C4
_PIR1bits                (abs)        000C
_PORTA                   (abs)        0005
_PORTB                   (abs)        0006
_RA0                     (abs)        0028
_RA1                     (abs)        0029
_RA2                     (abs)        002A
_RA3                     (abs)        002B
_RA4                     (abs)        002C
_RB3                     (abs)        0033
_RB4                     (abs)        0034
_RB5                     (abs)        0035
_RB6                     (abs)        0036
_RB7                     (abs)        0037
_RCREG                   (abs)        001A
_RCSTAbits               (abs)        0018
_RX9                     (abs)        00C6
_SPBRG                   (abs)        0099
_SPEN                    (abs)        00C7
_SYNC                    (abs)        04C4
_TRISA                   (abs)        0085
_TRISA4                  (abs)        042C
_TRISB                   (abs)        0086
_TRMT                    (abs)        04C1
_TX9                     (abs)        04C6
_TXEN                    (abs)        04C5
_TXREG                   (abs)        0019
__CFG_BOREN$OFF          (abs)        0000
__CFG_CP$OFF             (abs)        0000
__CFG_CPD$OFF            (abs)        0000
__CFG_FOSC$HS            (abs)        0000
__CFG_LVP$OFF            (abs)        0000
__CFG_MCLRE$ON           (abs)        0000
__CFG_PWRTE$ON           (abs)        0000
__CFG_WDTE$OFF           (abs)        0000
__Habs1                  abs1         0000
__Hbank0                 bank0        0000
__Hbank1                 bank1        0000
__Hbank2                 bank2        0000
__Hbank3                 bank3        0000
__HbssBANK0              bssBANK0     0000
__Hcinit                 cinit        0800
__Hclrtext               clrtext      0000
__Hcode                  code         0000
__Hcommon                common       0000
__Hconfig                config       2008
__HcstackBANK0           cstackBANK0  0000
__HcstackCOMMON          cstackCOMMON 0000
__Heeprom_data           eeprom_data  0000
__Hend_init              end_init     0001
__Hfunctab               functab      0000
__Hidloc                 idloc        0000
__Hinit                  init         0000
__Hintentry              intentry     0000
__Hmaintext              maintext     0000
__Hpowerup               powerup      0000
__Hram                   ram          0000
__Hreset_vec             reset_vec    0000
__Hsfr0                  sfr0         0000
__Hsfr1                  sfr1         0000
__Hsfr2                  sfr2         0000
__Hsfr3                  sfr3         0000
__Hspace_0               (abs)        2008
__Hspace_1               (abs)        007E
__Hspace_2               (abs)        0000
__Hspace_3               (abs)        0000
__Hstack                 stack        0000
__Hstrings               strings      0000
__Hstringtext            stringtext   0000
__Htext                  text         0000
__Labs1                  abs1         0000
__Lbank0                 bank0        0000
__Lbank1                 bank1        0000
__Lbank2                 bank2        0000
__Lbank3                 bank3        0000
__LbssBANK0              bssBANK0     0000
__Lcinit                 cinit        07F9
__Lclrtext               clrtext      0000
__Lcode                  code         0000
__Lcommon                common       0000
__Lconfig                config       2007
__LcstackBANK0           cstackBANK0  0000
__LcstackCOMMON          cstackCOMMON 0000
__Leeprom_data           eeprom_data  0000
__Lend_init              end_init     0000
__Lfunctab               functab      0000
__Lidloc                 idloc        0000
__Linit                  init         0000
__Lintentry              intentry     0000
__Lmaintext              maintext     0000
__Lpowerup               powerup      0000
__Lram                   ram          0000
__Lreset_vec             reset_vec    0000
__Lsfr0                  sfr0         0000
__Lsfr1                  sfr1         0000
__Lsfr2                  sfr2         0000
__Lsfr3                  sfr3         0000
__Lspace_0               (abs)        0000
__Lspace_1               (abs)        0000
__Lspace_2               (abs)        0000
__Lspace_3               (abs)        0000
__Lstack                 stack        0000
__Lstrings               strings      0000
__Lstringtext            stringtext   0000
__Ltext                  text         0000
__S0                     (abs)        2008
__S1                     (abs)        007E
__S2                     (abs)        0000
__S3                     (abs)        0000
___bmul                  text2        0139
___bmul@multiplicand     cstackCOMMON 0070
___bmul@multiplier       cstackCOMMON 0073
___bmul@product          cstackCOMMON 0072
___int_sp                stack        0000
___latbits               (abs)        0000
___sp                    stack        0000
__end_of___bmul          text2        014A
__end_of__initialization cinit        07FE
__end_of__stringtab      stringtext   0412
__end_of_atraso_ms       text15       01D9
__end_of_delay           text23       00EB
__end_of_e2pext_r        text18       0164
__end_of_e2pext_w        text17       02C6
__end_of_getd            text9        012B
__end_of_getu            text8        00F0
__end_of_i2c_init        text16       00F8
__end_of_i2c_rb          text22       0568
__end_of_i2c_start       text21       010A
__end_of_i2c_stop        text20       0114
__end_of_i2c_wb          text19       0288
__end_of_lcd_cmd         text13       017E
__end_of_lcd_dat         text11       0198
__end_of_lcd_init        text12       0225
__end_of_lcd_str         text10       01B6
__end_of_lcd_wr          text14       01FE
__end_of_linha           stringtext   0416
__end_of_main            maintext     07F9
__end_of_rtc_r           text7        0363
__end_of_serial_init     text6        0139
__end_of_serial_rx       text5        0253
__end_of_serial_tx       text4        011E
__end_of_serial_tx_str   text3        0586
__end_of_tc_tecla        text1        0400
__initialization         cinit        07F9
__pbssBANK0              bssBANK0     0020
__pcstackBANK0           cstackBANK0  0034
__pcstackCOMMON          cstackCOMMON 0070
__pmaintext              maintext     0589
__pstringtext            stringtext   0400
__ptext1                 text1        0363
__ptext10                text10       0198
__ptext11                text11       017E
__ptext12                text12       01FE
__ptext13                text13       0164
__ptext14                text14       01D9
__ptext15                text15       01B6
__ptext16                text16       00F0
__ptext17                text17       0288
__ptext18                text18       014A
__ptext19                text19       0253
__ptext2                 text2        0139
__ptext20                text20       010A
__ptext21                text21       0100
__ptext22                text22       0522
__ptext23                text23       00E6
__ptext3                 text3        0568
__ptext4                 text4        0114
__ptext5                 text5        0225
__ptext6                 text6        012B
__ptext7                 text7        02C6
__ptext8                 text8        00EB
__ptext9                 text9        011E
__size_of___bmul         (abs)        0000
__size_of_atraso_ms      (abs)        0000
__size_of_delay          (abs)        0000
__size_of_e2pext_r       (abs)        0000
__size_of_e2pext_w       (abs)        0000
__size_of_getd           (abs)        0000
__size_of_getu           (abs)        0000
__size_of_i2c_init       (abs)        0000
__size_of_i2c_rb         (abs)        0000
__size_of_i2c_start      (abs)        0000
__size_of_i2c_stop       (abs)        0000
__size_of_i2c_wb         (abs)        0000
__size_of_lcd_cmd        (abs)        0000
__size_of_lcd_dat        (abs)        0000
__size_of_lcd_init       (abs)        0000
__size_of_lcd_str        (abs)        0000
__size_of_lcd_wr         (abs)        0000
__size_of_main           (abs)        0000
__size_of_rtc_r          (abs)        0000
__size_of_serial_init    (abs)        0000
__size_of_serial_rx      (abs)        0000
__size_of_serial_tx      (abs)        0000
__size_of_serial_tx_str  (abs)        0000
__size_of_tc_tecla       (abs)        0000
__stringbase             stringtext   0412
__stringtab              stringtext   0400
_atraso_ms               text15       01B6
_date                    bssBANK0     002A
_delay                   text23       00E6
_e2pext_r                text18       014A
_e2pext_w                text17       0288
_getd                    text9        011E
_getu                    text8        00EB
_i2c_init                text16       00F0
_i2c_rb                  text22       0522
_i2c_start               text21       0100
_i2c_stop                text20       010A
_i2c_wb                  text19       0253
_lcd_cmd                 text13       0164
_lcd_dat                 text11       017E
_lcd_init                text12       01FE
_lcd_str                 text10       0198
_lcd_wr                  text14       01D9
_linha                   stringtext   0412
_main                    maintext     0589
_rtc_r                   text7        02C6
_serial_init             text6        012B
_serial_rx               text5        0225
_serial_tx               text4        0114
_serial_tx_str           text3        0568
_tc_tecla                text1        0363
_time                    bssBANK0     0020
atraso_ms@i              cstackCOMMON 0073
atraso_ms@j              cstackCOMMON 0075
atraso_ms@valor          cstackCOMMON 0070
btemp                    (abs)        007E
clear_ram0               clrtext      00F8
e2pext_r@addr            cstackCOMMON 0075
e2pext_r@ah              cstackCOMMON 0079
e2pext_r@al              cstackCOMMON 007A
e2pext_r@ret             cstackCOMMON 0078
e2pext_w@addr            cstackCOMMON 007B
e2pext_w@ah              cstackBANK0  0036
e2pext_w@al              cstackBANK0  0037
e2pext_w@nt              cstackBANK0  0038
e2pext_w@tmp             cstackBANK0  0039
e2pext_w@val             cstackCOMMON 007D
end_of_initialization    cinit        07FE
getd@nn                  cstackCOMMON 0071
getu@nn                  cstackCOMMON 0070
i2c_rb@ack               cstackCOMMON 0072
i2c_rb@i                 cstackCOMMON 0074
i2c_rb@ret               cstackCOMMON 0073
i2c_wb@i                 cstackCOMMON 0072
i2c_wb@val               cstackCOMMON 0071
intlevel0                functab      0000
intlevel1                functab      0000
intlevel2                functab      0000
intlevel3                functab      0000
intlevel4                functab      0000
intlevel5                functab      0000
lcd_cmd@val              cstackCOMMON 0076
lcd_dat@val              cstackCOMMON 0076
lcd_str@i                cstackCOMMON 007A
lcd_str@str              cstackCOMMON 0077
lcd_wr@i                 cstackCOMMON 0072
lcd_wr@val               cstackCOMMON 0071
main@i                   cstackBANK0  003D
main@tmp                 cstackBANK0  003C
reset_vec                reset_vec    0000
rtc_r@tmp                cstackCOMMON 0076
serial_rx@timeout        cstackCOMMON 0076
serial_rx@to             cstackCOMMON 0078
serial_tx@val            cstackCOMMON 0070
serial_tx_str@i          cstackCOMMON 0074
serial_tx_str@val        cstackCOMMON 0071
stackhi                  (abs)        0000
stacklo                  (abs)        0000
start                    init         0000
start_initialization     cinit        07F9
tc_tecla@i               cstackBANK0  0038
tc_tecla@ret             cstackBANK0  0037
tc_tecla@timeout         cstackCOMMON 0076
tc_tecla@tmp             cstackBANK0  0036
tc_tecla@to              cstackBANK0  0034
wtemp0                   (abs)        007E


FUNCTION INFORMATION:

 *************** function _main *****************
 Defined at:
		line 39 in file "teste_b2.c"
 Parameters:    Size  Location     Type
		None
 Auto vars:     Size  Location     Type
  i               1    9[BANK0 ] unsigned char 
  tmp             1    8[BANK0 ] unsigned char 
 Return value:  Size  Location     Type
                  1    wreg      void 
 Registers used:
		wreg, fsr0l, fsr0h, status,2, status,0, btemp+1, pclath, cstack
 Tracked objects:
		On entry : 
		On exit  : 
		Unchanged: 
 Data sizes:     COMMON   BANK0   BANK1   BANK2
      Params:         0       0       0       0
      Locals:         0       2       0       0
      Temps:          0       1       0       0
      Totals:         0       3       0       0
Total ram usage:        3 bytes
 Hardware stack levels required when called:    4
 This function calls:
		_atraso_ms
		_e2pext_r
		_e2pext_w
		_i2c_init
		_lcd_cmd
		_lcd_dat
		_lcd_init
		_lcd_str
		_rtc_r
		_serial_init
		_serial_rx
		_serial_tx
		_serial_tx_str
		_tc_tecla
 This function is called by:
		Startup code after reset
 This function uses a non-reentrant model


 *************** function _tc_tecla *****************
 Defined at:
		line 32 in file "teclado.c"
 Parameters:    Size  Location     Type
  timeout         2    6[COMMON] unsigned int 
 Auto vars:     Size  Location     Type
  to              2    0[BANK0 ] unsigned int 
  i               1    4[BANK0 ] unsigned char 
  ret             1    3[BANK0 ] unsigned char 
  tmp             1    2[BANK0 ] unsigned char 
 Return value:  Size  Location     Type
                  1    wreg      unsigned char 
 Registers used:
		wreg, fsr0l, fsr0h, status,2, status,0, btemp+1, pclath, cstack
 Tracked objects:
		On entry : 
		On exit  : 
		Unchanged: 
 Data sizes:     COMMON   BANK0   BANK1   BANK2
      Params:         2       0       0       0
      Locals:         0       5       0       0
      Temps:          2       0       0       0
      Totals:         4       5       0       0
Total ram usage:        9 bytes
 Hardware stack levels used:    1
 Hardware stack levels required when called:    1
 This function calls:
		___bmul
		_atraso_ms
 This function is called by:
		_main
 This function uses a non-reentrant model


 *************** function ___bmul *****************
 Defined at:
		line 4 in file "C:\Program Files (x86)\Microchip\xc8\v1.45\sources\common\Umul8.c"
 Parameters:    Size  Location     Type
  multiplier      1    wreg     unsigned char 
  multiplicand    1    0[COMMON] unsigned char 
 Auto vars:     Size  Location     Type
  multiplier      1    3[COMMON] unsigned char 
  product         1    2[COMMON] unsigned char 
 Return value:  Size  Location     Type
                  1    wreg      unsigned char 
 Registers used:
		wreg, status,2, status,0
 Tracked objects:
		On entry : 
		On exit  : 
		Unchanged: 
 Data sizes:     COMMON   BANK0   BANK1   BANK2
      Params:         1       0       0       0
      Locals:         2       0       0       0
      Temps:          1       0       0       0
      Totals:         4       0       0       0
Total ram usage:        4 bytes
 Hardware stack levels used:    1
 This function calls:
		Nothing
 This function is called by:
		_tc_tecla
 This function uses a non-reentrant model


 *************** function _serial_tx_str *****************
 Defined at:
		line 54 in file "serial.c"
 Parameters:    Size  Location     Type
  val             2    1[COMMON] PTR const unsigned char 
		 -> STR_26(10), STR_23(3), STR_22(14), STR_20(3), 
		 -> STR_19(11), STR_17(13), STR_16(33), 
 Auto vars:     Size  Location     Type
  i               1    4[COMMON] unsigned char 
 Return value:  Size  Location     Type
                  1    wreg      void 
 Registers used:
		wreg, fsr0l, fsr0h, status,2, status,0, btemp+1, pclath, cstack
 Tracked objects:
		On entry : 
		On exit  : 
		Unchanged: 
 Data sizes:     COMMON   BANK0   BANK1   BANK2
      Params:         2       0       0       0
      Locals:         1       0       0       0
      Temps:          1       0       0       0
      Totals:         4       0       0       0
Total ram usage:        4 bytes
 Hardware stack levels used:    1
 Hardware stack levels required when called:    1
 This function calls:
		_serial_tx
 This function is called by:
		_main
 This function uses a non-reentrant model


 *************** function _serial_tx *****************
 Defined at:
		line 48 in file "serial.c"
 Parameters:    Size  Location     Type
  val             1    wreg     unsigned char 
 Auto vars:     Size  Location     Type
  val             1    0[COMMON] unsigned char 
 Return value:  Size  Location     Type
                  1    wreg      void 
 Registers used:
		wreg
 Tracked objects:
		On entry : 
		On exit  : 
		Unchanged: 
 Data sizes:     COMMON   BANK0   BANK1   BANK2
      Params:         0       0       0       0
      Locals:         1       0       0       0
      Temps:          0       0       0       0
      Totals:         1       0       0       0
Total ram usage:        1 bytes
 Hardware stack levels used:    1
 This function calls:
		Nothing
 This function is called by:
		_serial_tx_str
		_main
 This function uses a non-reentrant model


 *************** function _serial_rx *****************
 Defined at:
		line 66 in file "serial.c"
 Parameters:    Size  Location     Type
  timeout         2    6[COMMON] unsigned int 
 Auto vars:     Size  Location     Type
  to              2    8[COMMON] unsigned int 
 Return value:  Size  Location     Type
                  1    wreg      unsigned char 
 Registers used:
		wreg, status,2, status,0, pclath, cstack
 Tracked objects:
		On entry : 
		On exit  : 
		Unchanged: 
 Data sizes:     COMMON   BANK0   BANK1   BANK2
      Params:         2       0       0       0
      Locals:         2       0       0       0
      Temps:          0       0       0       0
      Totals:         4       0       0       0
Total ram usage:        4 bytes
 Hardware stack levels used:    1
 Hardware stack levels required when called:    1
 This function calls:
		_atraso_ms
 This function is called by:
		_main
 This function uses a non-reentrant model


 *************** function _serial_init *****************
 Defined at:
		line 30 in file "serial.c"
 Parameters:    Size  Location     Type
		None
 Auto vars:     Size  Location     Type
		None
 Return value:  Size  Location     Type
                  1    wreg      void 
 Registers used:
		wreg
 Tracked objects:
		On entry : 
		On exit  : 
		Unchanged: 
 Data sizes:     COMMON   BANK0   BANK1   BANK2
      Params:         0       0       0       0
      Locals:         0       0       0       0
      Temps:          0       0       0       0
      Totals:         0       0       0       0
Total ram usage:        0 bytes
 Hardware stack levels used:    1
 This function calls:
		Nothing
 This function is called by:
		_main
 This function uses a non-reentrant model


 *************** function _rtc_r *****************
 Defined at:
		line 44 in file "rtc_r.c"
 Parameters:    Size  Location     Type
		None
 Auto vars:     Size  Location     Type
  tmp             1    6[COMMON] unsigned char 
 Return value:  Size  Location     Type
                  1    wreg      void 
 Registers used:
		wreg, status,2, status,0, pclath, cstack
 Tracked objects:
		On entry : 
		On exit  : 
		Unchanged: 
 Data sizes:     COMMON   BANK0   BANK1   BANK2
      Params:         0       0       0       0
      Locals:         1       0       0       0
      Temps:          1       0       0       0
      Totals:         2       0       0       0
Total ram usage:        2 bytes
 Hardware stack levels used:    1
 Hardware stack levels required when called:    2
 This function calls:
		_getd
		_getu
		_i2c_rb
		_i2c_start
		_i2c_stop
		_i2c_wb
 This function is called by:
		_main
 This function uses a non-reentrant model


 *************** function _getu *****************
 Defined at:
		line 38 in file "rtc_r.c"
 Parameters:    Size  Location     Type
  nn              1    wreg     unsigned char 
 Auto vars:     Size  Location     Type
  nn              1    0[COMMON] unsigned char 
 Return value:  Size  Location     Type
                  1    wreg      unsigned char 
 Registers used:
		wreg, status,2, status,0
 Tracked objects:
		On entry : 
		On exit  : 
		Unchanged: 
 Data sizes:     COMMON   BANK0   BANK1   BANK2
      Params:         0       0       0       0
      Locals:         1       0       0       0
      Temps:          0       0       0       0
      Totals:         1       0       0       0
Total ram usage:        1 bytes
 Hardware stack levels used:    1
 This function calls:
		Nothing
 This function is called by:
		_rtc_r
 This function uses a non-reentrant model


 *************** function _getd *****************
 Defined at:
		line 33 in file "rtc_r.c"
 Parameters:    Size  Location     Type
  nn              1    wreg     unsigned char 
 Auto vars:     Size  Location     Type
  nn              1    1[COMMON] unsigned char 
 Return value:  Size  Location     Type
                  1    wreg      unsigned char 
 Registers used:
		wreg, status,2, status,0
 Tracked objects:
		On entry : 
		On exit  : 
		Unchanged: 
 Data sizes:     COMMON   BANK0   BANK1   BANK2
      Params:         0       0       0       0
      Locals:         1       0       0       0
      Temps:          1       0       0       0
      Totals:         2       0       0       0
Total ram usage:        2 bytes
 Hardware stack levels used:    1
 This function calls:
		Nothing
 This function is called by:
		_rtc_r
 This function uses a non-reentrant model


 *************** function _lcd_str *****************
 Defined at:
		line 85 in file "lcd.c"
 Parameters:    Size  Location     Type
  str             2    7[COMMON] PTR const unsigned char 
		 -> STR_25(14), STR_24(4), STR_21(17), STR_18(16), 
		 -> STR_15(9), STR_14(16), STR_13(15), STR_12(13), 
		 -> STR_11(10), STR_10(10), STR_9(8), STR_8(17), 
		 -> STR_7(15), STR_6(17), STR_5(14), STR_4(11), 
		 -> STR_3(3), STR_2(10), STR_1(10), date(10), 
		 -> time(10), 
 Auto vars:     Size  Location     Type
  i               1   10[COMMON] unsigned char 
 Return value:  Size  Location     Type
                  1    wreg      void 
 Registers used:
		wreg, fsr0l, fsr0h, status,2, status,0, btemp+1, pclath, cstack
 Tracked objects:
		On entry : 
		On exit  : 
		Unchanged: 
 Data sizes:     COMMON   BANK0   BANK1   BANK2
      Params:         2       0       0       0
      Locals:         1       0       0       0
      Temps:          1       0       0       0
      Totals:         4       0       0       0
Total ram usage:        4 bytes
 Hardware stack levels used:    1
 Hardware stack levels required when called:    2
 This function calls:
		_lcd_dat
 This function is called by:
		_main
 This function uses a non-reentrant model


 *************** function _lcd_dat *****************
 Defined at:
		line 55 in file "lcd.c"
 Parameters:    Size  Location     Type
  val             1    wreg     unsigned char 
 Auto vars:     Size  Location     Type
  val             1    6[COMMON] unsigned char 
 Return value:  Size  Location     Type
                  1    wreg      void 
 Registers used:
		wreg, status,2, status,0, pclath, cstack
 Tracked objects:
		On entry : 
		On exit  : 
		Unchanged: 
 Data sizes:     COMMON   BANK0   BANK1   BANK2
      Params:         0       0       0       0
      Locals:         1       0       0       0
      Temps:          0       0       0       0
      Totals:         1       0       0       0
Total ram usage:        1 bytes
 Hardware stack levels used:    1
 Hardware stack levels required when called:    1
 This function calls:
		_atraso_ms
		_lcd_wr
 This function is called by:
		_lcd_str
		_main
 This function uses a non-reentrant model


 *************** function _lcd_init *****************
 Defined at:
		line 66 in file "lcd.c"
 Parameters:    Size  Location     Type
		None
 Auto vars:     Size  Location     Type
		None
 Return value:  Size  Location     Type
                  1    wreg      void 
 Registers used:
		wreg, status,2, status,0, pclath, cstack
 Tracked objects:
		On entry : 
		On exit  : 
		Unchanged: 
 Data sizes:     COMMON   BANK0   BANK1   BANK2
      Params:         0       0       0       0
      Locals:         0       0       0       0
      Temps:          0       0       0       0
      Totals:         0       0       0       0
Total ram usage:        0 bytes
 Hardware stack levels used:    1
 Hardware stack levels required when called:    2
 This function calls:
		_atraso_ms
		_lcd_cmd
 This function is called by:
		_main
 This function uses a non-reentrant model


 *************** function _lcd_cmd *****************
 Defined at:
		line 44 in file "lcd.c"
 Parameters:    Size  Location     Type
  val             1    wreg     unsigned char 
 Auto vars:     Size  Location     Type
  val             1    6[COMMON] unsigned char 
 Return value:  Size  Location     Type
                  1    wreg      void 
 Registers used:
		wreg, status,2, status,0, pclath, cstack
 Tracked objects:
		On entry : 
		On exit  : 
		Unchanged: 
 Data sizes:     COMMON   BANK0   BANK1   BANK2
      Params:         0       0       0       0
      Locals:         1       0       0       0
      Temps:          0       0       0       0
      Totals:         1       0       0       0
Total ram usage:        1 bytes
 Hardware stack levels used:    1
 Hardware stack levels required when called:    1
 This function calls:
		_atraso_ms
		_lcd_wr
 This function is called by:
		_lcd_init
		_main
 This function uses a non-reentrant model


 *************** function _lcd_wr *****************
 Defined at:
		line 30 in file "lcd.c"
 Parameters:    Size  Location     Type
  val             1    wreg     unsigned char 
 Auto vars:     Size  Location     Type
  val             1    1[COMMON] unsigned char 
  i               1    2[COMMON] unsigned char 
 Return value:  Size  Location     Type
                  1    wreg      void 
 Registers used:
		wreg, status,2, status,0
 Tracked objects:
		On entry : 
		On exit  : 
		Unchanged: 
 Data sizes:     COMMON   BANK0   BANK1   BANK2
      Params:         0       0       0       0
      Locals:         2       0       0       0
      Temps:          1       0       0       0
      Totals:         3       0       0       0
Total ram usage:        3 bytes
 Hardware stack levels used:    1
 This function calls:
		Nothing
 This function is called by:
		_lcd_cmd
		_lcd_dat
 This function uses a non-reentrant model


 *************** function _atraso_ms *****************
 Defined at:
		line 26 in file "atraso.c"
 Parameters:    Size  Location     Type
  valor           2    0[COMMON] unsigned int 
 Auto vars:     Size  Location     Type
  i               2    3[COMMON] unsigned int 
  j               1    5[COMMON] unsigned char 
 Return value:  Size  Location     Type
                  1    wreg      void 
 Registers used:
		wreg, status,2, status,0
 Tracked objects:
		On entry : 
		On exit  : 
		Unchanged: 
 Data sizes:     COMMON   BANK0   BANK1   BANK2
      Params:         2       0       0       0
      Locals:         3       0       0       0
      Temps:          1       0       0       0
      Totals:         6       0       0       0
Total ram usage:        6 bytes
 Hardware stack levels used:    1
 This function calls:
		Nothing
 This function is called by:
		_lcd_cmd
		_lcd_dat
		_lcd_init
		_serial_rx
		_tc_tecla
		_main
 This function uses a non-reentrant model


 *************** function _i2c_init *****************
 Defined at:
		line 39 in file "i2c.c"
 Parameters:    Size  Location     Type
		None
 Auto vars:     Size  Location     Type
		None
 Return value:  Size  Location     Type
                  1    wreg      void 
 Registers used:
		None
 Tracked objects:
		On entry : 
		On exit  : 
		Unchanged: 
 Data sizes:     COMMON   BANK0   BANK1   BANK2
      Params:         0       0       0       0
      Locals:         0       0       0       0
      Temps:          0       0       0       0
      Totals:         0       0       0       0
Total ram usage:        0 bytes
 Hardware stack levels used:    1
 This function calls:
		Nothing
 This function is called by:
		_main
 This function uses a non-reentrant model


 *************** function _e2pext_w *****************
 Defined at:
		line 49 in file "eeprom_ext.c"
 Parameters:    Size  Location     Type
  addr            2   11[COMMON] unsigned int 
  val             1   13[COMMON] unsigned char 
 Auto vars:     Size  Location     Type
  tmp             2    5[BANK0 ] unsigned int 
  nt              1    4[BANK0 ] unsigned char 
  al              1    3[BANK0 ] unsigned char 
  ah              1    2[BANK0 ] unsigned char 
 Return value:  Size  Location     Type
                  1    wreg      void 
 Registers used:
		wreg, status,2, status,0, pclath, cstack
 Tracked objects:
		On entry : 
		On exit  : 
		Unchanged: 
 Data sizes:     COMMON   BANK0   BANK1   BANK2
      Params:         3       0       0       0
      Locals:         0       5       0       0
      Temps:          0       2       0       0
      Totals:         3       7       0       0
Total ram usage:       10 bytes
 Hardware stack levels used:    1
 Hardware stack levels required when called:    3
 This function calls:
		_e2pext_r
		_i2c_start
		_i2c_stop
		_i2c_wb
 This function is called by:
		_main
 This function uses a non-reentrant model


 *************** function _e2pext_r *****************
 Defined at:
		line 29 in file "eeprom_ext.c"
 Parameters:    Size  Location     Type
  addr            2    5[COMMON] unsigned int 
 Auto vars:     Size  Location     Type
  al              1   10[COMMON] unsigned char 
  ah              1    9[COMMON] unsigned char 
  ret             1    8[COMMON] unsigned char 
 Return value:  Size  Location     Type
                  1    wreg      unsigned char 
 Registers used:
		wreg, status,2, status,0, pclath, cstack
 Tracked objects:
		On entry : 
		On exit  : 
		Unchanged: 
 Data sizes:     COMMON   BANK0   BANK1   BANK2
      Params:         2       0       0       0
      Locals:         3       0       0       0
      Temps:          1       0       0       0
      Totals:         6       0       0       0
Total ram usage:        6 bytes
 Hardware stack levels used:    1
 Hardware stack levels required when called:    2
 This function calls:
		_i2c_rb
		_i2c_start
		_i2c_stop
		_i2c_wb
 This function is called by:
		_e2pext_w
		_main
 This function uses a non-reentrant model


 *************** function _i2c_wb *****************
 Defined at:
		line 64 in file "i2c.c"
 Parameters:    Size  Location     Type
  val             1    wreg     unsigned char 
 Auto vars:     Size  Location     Type
  val             1    1[COMMON] unsigned char 
  i               1    2[COMMON] unsigned char 
 Return value:  Size  Location     Type
                  1    wreg      void 
 Registers used:
		wreg, status,2, status,0, pclath, cstack
 Tracked objects:
		On entry : 
		On exit  : 
		Unchanged: 
 Data sizes:     COMMON   BANK0   BANK1   BANK2
      Params:         0       0       0       0
      Locals:         2       0       0       0
      Temps:          1       0       0       0
      Totals:         3       0       0       0
Total ram usage:        3 bytes
 Hardware stack levels used:    1
 Hardware stack levels required when called:    1
 This function calls:
		_delay
 This function is called by:
		_e2pext_r
		_e2pext_w
		_rtc_r
		_rtc_w
 This function uses a non-reentrant model


 *************** function _i2c_stop *****************
 Defined at:
		line 55 in file "i2c.c"
 Parameters:    Size  Location     Type
		None
 Auto vars:     Size  Location     Type
		None
 Return value:  Size  Location     Type
                  1    wreg      void 
 Registers used:
		status,2, status,0, pclath, cstack
 Tracked objects:
		On entry : 
		On exit  : 
		Unchanged: 
 Data sizes:     COMMON   BANK0   BANK1   BANK2
      Params:         0       0       0       0
      Locals:         0       0       0       0
      Temps:          0       0       0       0
      Totals:         0       0       0       0
Total ram usage:        0 bytes
 Hardware stack levels used:    1
 Hardware stack levels required when called:    1
 This function calls:
		_delay
 This function is called by:
		_e2pext_r
		_e2pext_w
		_rtc_r
		_rtc_w
 This function uses a non-reentrant model


 *************** function _i2c_start *****************
 Defined at:
		line 46 in file "i2c.c"
 Parameters:    Size  Location     Type
		None
 Auto vars:     Size  Location     Type
		None
 Return value:  Size  Location     Type
                  1    wreg      void 
 Registers used:
		status,2, status,0, pclath, cstack
 Tracked objects:
		On entry : 
		On exit  : 
		Unchanged: 
 Data sizes:     COMMON   BANK0   BANK1   BANK2
      Params:         0       0       0       0
      Locals:         0       0       0       0
      Temps:          0       0       0       0
      Totals:         0       0       0       0
Total ram usage:        0 bytes
 Hardware stack levels used:    1
 Hardware stack levels required when called:    1
 This function calls:
		_delay
 This function is called by:
		_e2pext_r
		_e2pext_w
		_rtc_r
		_rtc_w
 This function uses a non-reentrant model


 *************** function _i2c_rb *****************
 Defined at:
		line 84 in file "i2c.c"
 Parameters:    Size  Location     Type
  ack             1    wreg     unsigned char 
 Auto vars:     Size  Location     Type
  ack             1    2[COMMON] unsigned char 
  i               1    4[COMMON] unsigned char 
  ret             1    3[COMMON] unsigned char 
 Return value:  Size  Location     Type
                  1    wreg      unsigned char 
 Registers used:
		wreg, status,2, status,0, pclath, cstack
 Tracked objects:
		On entry : 
		On exit  : 
		Unchanged: 
 Data sizes:     COMMON   BANK0   BANK1   BANK2
      Params:         0       0       0       0
      Locals:         3       0       0       0
      Temps:          2       0       0       0
      Totals:         5       0       0       0
Total ram usage:        5 bytes
 Hardware stack levels used:    1
 Hardware stack levels required when called:    1
 This function calls:
		_delay
 This function is called by:
		_e2pext_r
		_rtc_r
 This function uses a non-reentrant model


 *************** function _delay *****************
 Defined at:
		line 29 in file "i2c.c"
 Parameters:    Size  Location     Type
		None
 Auto vars:     Size  Location     Type
		None
 Return value:  Size  Location     Type
                  1    wreg      void 
 Registers used:
		None
 Tracked objects:
		On entry : 
		On exit  : 
		Unchanged: 
 Data sizes:     COMMON   BANK0   BANK1   BANK2
      Params:         0       0       0       0
      Locals:         0       0       0       0
      Temps:          0       0       0       0
      Totals:         0       0       0       0
Total ram usage:        0 bytes
 Hardware stack levels used:    1
 This function calls:
		Nothing
 This function is called by:
		_i2c_start
		_i2c_stop
		_i2c_wb
		_i2c_rb
 This function uses a non-reentrant model



MODULE INFORMATION

Module		Function		Class		Link	Load	Size
serial.c
		_serial_rx     		CODE           	0225	0000	47
		_serial_tx     		CODE           	0114	0000	11
		_serial_init   		CODE           	012B	0000	15
		_serial_tx_str 		CODE           	0568	0000	31

serial.c estimated size: 104

eeprom_ext.c
		_e2pext_r      		CODE           	014A	0000	27
		_e2pext_w      		CODE           	0288	0000	63

eeprom_ext.c estimated size: 90

rtc_r.c
		_getu          		CODE           	00EB	0000	6
		_rtc_r         		CODE           	02C6	0000	158
		_getd          		CODE           	011E	0000	14

rtc_r.c estimated size: 178

teste_b2.c
		_main          		CODE           	0589	0000	625

teste_b2.c estimated size: 625

teclado.c
		_tc_tecla      		CODE           	0363	0000	158

teclado.c estimated size: 158

i2c.c
		_i2c_rb        		CODE           	0522	0000	71
		_delay         		CODE           	00E6	0000	6
		_i2c_start     		CODE           	0100	0000	11
		_i2c_stop      		CODE           	010A	0000	11
		_i2c_init      		CODE           	00F0	0000	9
		_i2c_wb        		CODE           	0253	0000	54

i2c.c estimated size: 162

atraso.c
		_atraso_ms     		CODE           	01B6	0000	36

atraso.c estimated size: 36

shared
		__stringtab    		STRCODE        	0400	0000	19
		__initialization		CODE           	07F9	0000	6
		_linha         		STRCODE        	0412	0000	5

shared estimated size: 30

lcd.c
		_lcd_cmd       		CODE           	0164	0000	27
		_lcd_dat       		CODE           	017E	0000	27
		_lcd_wr        		CODE           	01D9	0000	38
		_lcd_str       		CODE           	0198	0000	31
		_lcd_init      		CODE           	01FE	0000	40

lcd.c estimated size: 163

C:\Program Files (x86)\Microchip\xc8\v1.45\sources\common\Umul8.c
		___bmul        		CODE           	0139	0000	18

C:\Program Files (x86)\Microchip\xc8\v1.45\sources\common\Umul8.c estimated size: 18

